
> prime-sumut@0.1.0 build
> next build

▲ Next.js 16.2.6 (Turbopack)

  Creating an optimized production build ...

> Build error occurred
Error: Turbopack build failed with 9 errors:
./src/app/(public)/kontak/KontakClient.tsx:5:1
Export Facebook doesn't exist in target module
  [90m3 |[0m ...
  [90m4 |[0m ...[36mm[0m [32m"framer-motion"[0m;
[31m[1m>[0m [90m5 |[0m ...[33mlobe[0m, [33mInstagram[0m, [33mFacebook[0m, [33mYoutube[0m, [33mMessageCircle[0m, [33mCheckCircle[0m, [33mLoad...[0m
  [90m  |[0m    [31m[1m^^^^^^^^^^^^^^^^^^^^^^^^^^^^^^^^^^^^^^^^^^^^^^^^^^^^^^^^^^^^^^^^^^^^^^^[0m
  [90m6 |[0m ...} [36mfrom[0m [32m"@/components/ui/SectionHeading"[0m;
  [90m7 |[0m ...[32mi/FadeUp"[0m;
  [90m8 |[0m ...

The export Facebook was not found in module [project]/node_modules/.pnpm/lucide-react@1.17.0_react@19.2.4/node_modules/lucide-react/dist/esm/lucide-react.mjs [app-client] (ecmascript).
Did you mean to import Webhook?
All exports of the module are statically known (It doesn't have dynamic exports). So it's known statically that the requested export doesn't exist.

Import trace:
  Server Component:
    ./src/app/(public)/kontak/KontakClient.tsx
    ./src/app/(public)/kontak/page.tsx


./src/app/(public)/kontak/KontakClient.tsx:5:1
Export Facebook doesn't exist in target module
  [90m3 |[0m ...
  [90m4 |[0m ...[36mm[0m [32m"framer-motion"[0m;
[31m[1m>[0m [90m5 |[0m ...[33mlobe[0m, [33mInstagram[0m, [33mFacebook[0m, [33mYoutube[0m, [33mMessageCircle[0m, [33mCheckCircle[0m, [33mLoad...[0m
  [90m  |[0m    [31m[1m^^^^^^^^^^^^^^^^^^^^^^^^^^^^^^^^^^^^^^^^^^^^^^^^^^^^^^^^^^^^^^^^^^^^^^^[0m
  [90m6 |[0m ...} [36mfrom[0m [32m"@/components/ui/SectionHeading"[0m;
  [90m7 |[0m ...[32mi/FadeUp"[0m;
  [90m8 |[0m ...

The export Facebook was not found in module [project]/node_modules/.pnpm/lucide-react@1.17.0_react@19.2.4/node_modules/lucide-react/dist/esm/lucide-react.mjs [app-ssr] (ecmascript).
Did you mean to import Webhook?
All exports of the module are statically known (It doesn't have dynamic exports). So it's known statically that the requested export doesn't exist.

Import trace:
  Server Component:
    ./src/app/(public)/kontak/KontakClient.tsx
    ./src/app/(public)/kontak/page.tsx


./src/components/layout/Footer.tsx:2:1
Export Facebook doesn't exist in target module
  [90m1 |[0m ... [36mfrom[0m [32m"next/link"[0m;
[31m[1m>[0m [90m2 |[0m ...[33mpPin[0m, [33mPhone[0m, [33mInstagram[0m, [33mFacebook[0m, [33mYoutube[0m, [33mMessageCircle[0m } [36mfrom[0m [32m"luc...[0m
  [90m  |[0m    [31m[1m^^^^^^^^^^^^^^^^^^^^^^^^^^^^^^^^^^^^^^^^^^^^^^^^^^^^^^^^^^^^^^^^^^^^^^^[0m
  [90m3 |[0m ...
  [90m4 |[0m ...[36mtion[0m [33mFooter[0m() {
  [90m5 |[0m ...

The export Facebook was not found in module [project]/node_modules/.pnpm/lucide-react@1.17.0_react@19.2.4/node_modules/lucide-react/dist/esm/lucide-react.mjs [app-rsc] (ecmascript).
Did you mean to import Webhook?
All exports of the module are statically known (It doesn't have dynamic exports). So it's known statically that the requested export doesn't exist.

Import trace:
  Server Component:
    ./src/components/layout/Footer.tsx
    ./src/app/(public)/layout.tsx


./src/app/(public)/kontak/KontakClient.tsx:5:1
Export Instagram doesn't exist in target module
  [90m3 |[0m ...
  [90m4 |[0m ...[36mm[0m [32m"framer-motion"[0m;
[31m[1m>[0m [90m5 |[0m ...[33mlobe[0m, [33mInstagram[0m, [33mFacebook[0m, [33mYoutube[0m, [33mMessageCircle[0m, [33mCheckCircle[0m, [33mLoad...[0m
  [90m  |[0m    [31m[1m^^^^^^^^^^^^^^^^^^^^^^^^^^^^^^^^^^^^^^^^^^^^^^^^^^^^^^^^^^^^^^^^^^^^^^^[0m
  [90m6 |[0m ...} [36mfrom[0m [32m"@/components/ui/SectionHeading"[0m;
  [90m7 |[0m ...[32mi/FadeUp"[0m;
  [90m8 |[0m ...

The export Instagram was not found in module [project]/node_modules/.pnpm/lucide-react@1.17.0_react@19.2.4/node_modules/lucide-react/dist/esm/lucide-react.mjs [app-client] (ecmascript).
Did you mean to import Star?
All exports of the module are statically known (It doesn't have dynamic exports). So it's known statically that the requested export doesn't exist.

Import trace:
  Server Component:
    ./src/app/(public)/kontak/KontakClient.tsx
    ./src/app/(public)/kontak/page.tsx


./src/app/(public)/kontak/KontakClient.tsx:5:1
Export Instagram doesn't exist in target module
  [90m3 |[0m ...
  [90m4 |[0m ...[36mm[0m [32m"framer-motion"[0m;
[31m[1m>[0m [90m5 |[0m ...[33mlobe[0m, [33mInstagram[0m, [33mFacebook[0m, [33mYoutube[0m, [33mMessageCircle[0m, [33mCheckCircle[0m, [33mLoad...[0m
  [90m  |[0m    [31m[1m^^^^^^^^^^^^^^^^^^^^^^^^^^^^^^^^^^^^^^^^^^^^^^^^^^^^^^^^^^^^^^^^^^^^^^^[0m
  [90m6 |[0m ...} [36mfrom[0m [32m"@/components/ui/SectionHeading"[0m;
  [90m7 |[0m ...[32mi/FadeUp"[0m;
  [90m8 |[0m ...

The export Instagram was not found in module [project]/node_modules/.pnpm/lucide-react@1.17.0_react@19.2.4/node_modules/lucide-react/dist/esm/lucide-react.mjs [app-ssr] (ecmascript).
Did you mean to import Star?
All exports of the module are statically known (It doesn't have dynamic exports). So it's known statically that the requested export doesn't exist.

Import trace:
  Server Component:
    ./src/app/(public)/kontak/KontakClient.tsx
    ./src/app/(public)/kontak/page.tsx


./src/components/layout/Footer.tsx:2:1
Export Instagram doesn't exist in target module
  [90m1 |[0m ... [36mfrom[0m [32m"next/link"[0m;
[31m[1m>[0m [90m2 |[0m ...[33mpPin[0m, [33mPhone[0m, [33mInstagram[0m, [33mFacebook[0m, [33mYoutube[0m, [33mMessageCircle[0m } [36mfrom[0m [32m"luc...[0m
  [90m  |[0m    [31m[1m^^^^^^^^^^^^^^^^^^^^^^^^^^^^^^^^^^^^^^^^^^^^^^^^^^^^^^^^^^^^^^^^^^^^^^^[0m
  [90m3 |[0m ...
  [90m4 |[0m ...[36mtion[0m [33mFooter[0m() {
  [90m5 |[0m ...

The export Instagram was not found in module [project]/node_modules/.pnpm/lucide-react@1.17.0_react@19.2.4/node_modules/lucide-react/dist/esm/lucide-react.mjs [app-rsc] (ecmascript).
Did you mean to import Star?
All exports of the module are statically known (It doesn't have dynamic exports). So it's known statically that the requested export doesn't exist.

Import trace:
  Server Component:
    ./src/components/layout/Footer.tsx
    ./src/app/(public)/layout.tsx


./src/app/(public)/kontak/KontakClient.tsx:5:1
Export Youtube doesn't exist in target module
  [90m3 |[0m ...
  [90m4 |[0m ...[36mm[0m [32m"framer-motion"[0m;
[31m[1m>[0m [90m5 |[0m ...[33mlobe[0m, [33mInstagram[0m, [33mFacebook[0m, [33mYoutube[0m, [33mMessageCircle[0m, [33mCheckCircle[0m, [33mLoad...[0m
  [90m  |[0m    [31m[1m^^^^^^^^^^^^^^^^^^^^^^^^^^^^^^^^^^^^^^^^^^^^^^^^^^^^^^^^^^^^^^^^^^^^^^^[0m
  [90m6 |[0m ...} [36mfrom[0m [32m"@/components/ui/SectionHeading"[0m;
  [90m7 |[0m ...[32mi/FadeUp"[0m;
  [90m8 |[0m ...

The export Youtube was not found in module [project]/node_modules/.pnpm/lucide-react@1.17.0_react@19.2.4/node_modules/lucide-react/dist/esm/lucide-react.mjs [app-client] (ecmascript).
Did you mean to import Route?
All exports of the module are statically known (It doesn't have dynamic exports). So it's known statically that the requested export doesn't exist.

Import trace:
  Server Component:
    ./src/app/(public)/kontak/KontakClient.tsx
    ./src/app/(public)/kontak/page.tsx


./src/app/(public)/kontak/KontakClient.tsx:5:1
Export Youtube doesn't exist in target module
  [90m3 |[0m ...
  [90m4 |[0m ...[36mm[0m [32m"framer-motion"[0m;
[31m[1m>[0m [90m5 |[0m ...[33mlobe[0m, [33mInstagram[0m, [33mFacebook[0m, [33mYoutube[0m, [33mMessageCircle[0m, [33mCheckCircle[0m, [33mLoad...[0m
  [90m  |[0m    [31m[1m^^^^^^^^^^^^^^^^^^^^^^^^^^^^^^^^^^^^^^^^^^^^^^^^^^^^^^^^^^^^^^^^^^^^^^^[0m
  [90m6 |[0m ...} [36mfrom[0m [32m"@/components/ui/SectionHeading"[0m;
  [90m7 |[0m ...[32mi/FadeUp"[0m;
  [90m8 |[0m ...

The export Youtube was not found in module [project]/node_modules/.pnpm/lucide-react@1.17.0_react@19.2.4/node_modules/lucide-react/dist/esm/lucide-react.mjs [app-ssr] (ecmascript).
Did you mean to import Route?
All exports of the module are statically known (It doesn't have dynamic exports). So it's known statically that the requested export doesn't exist.

Import trace:
  Server Component:
    ./src/app/(public)/kontak/KontakClient.tsx
    ./src/app/(public)/kontak/page.tsx


./src/components/layout/Footer.tsx:2:1
Export Youtube doesn't exist in target module
  [90m1 |[0m ... [36mfrom[0m [32m"next/link"[0m;
[31m[1m>[0m [90m2 |[0m ...[33mpPin[0m, [33mPhone[0m, [33mInstagram[0m, [33mFacebook[0m, [33mYoutube[0m, [33mMessageCircle[0m } [36mfrom[0m [32m"luc...[0m
  [90m  |[0m    [31m[1m^^^^^^^^^^^^^^^^^^^^^^^^^^^^^^^^^^^^^^^^^^^^^^^^^^^^^^^^^^^^^^^^^^^^^^^[0m
  [90m3 |[0m ...
  [90m4 |[0m ...[36mtion[0m [33mFooter[0m() {
  [90m5 |[0m ...

The export Youtube was not found in module [project]/node_modules/.pnpm/lucide-react@1.17.0_react@19.2.4/node_modules/lucide-react/dist/esm/lucide-react.mjs [app-rsc] (ecmascript).
Did you mean to import Route?
All exports of the module are statically known (It doesn't have dynamic exports). So it's known statically that the requested export doesn't exist.

Import trace:
  Server Component:
    ./src/components/layout/Footer.tsx
    ./src/app/(public)/layout.tsx


    at <unknown> (./src/app/(public)/kontak/KontakClient.tsx:5:1)
    at <unknown> (./src/app/(public)/kontak/KontakClient.tsx:5:1)
    at <unknown> (./src/components/layout/Footer.tsx:2:1)
    at <unknown> (./src/app/(public)/kontak/KontakClient.tsx:5:1)
    at <unknown> (./src/app/(public)/kontak/KontakClient.tsx:5:1)
    at <unknown> (./src/components/layout/Footer.tsx:2:1)
    at <unknown> (./src/app/(public)/kontak/KontakClient.tsx:5:1)
    at <unknown> (./src/app/(public)/kontak/KontakClient.tsx:5:1)
    at <unknown> (./src/components/layout/Footer.tsx:2:1)
